tests/04_constant/0102_decl.c:4.2-12: [ x in {0}, y in {0} ]
analysis ended
