tests/04_constant/0108_noinit.c:3.2-11: [ x in {0} ]
tests/04_constant/0108_noinit.c:5.2-11: [ x in {2} ]
analysis ended
