-- DEBUG: const 0 ~> {0}
-- DEBUG: rand -1 1 ~> ⊤
-- DEBUG: rand 10 15 ~> ⊤
-- DEBUG: ⊤ * ⊤ ~> ⊤
-- DEBUG: is_bottom ⊤ ~> false
stat trace: tests/04_constant/0123_mul_rand.c:3.2-32: [ x in ⊤ ]
tests/04_constant/0123_mul_rand.c:4.2-11: [ x in ⊤ ]
stat trace: tests/04_constant/0123_mul_rand.c:4.2-11: [ x in ⊤ ]
stat trace: tests/04_constant/0123_mul_rand.c:1.0-5.1: [ ]
analysis ended
