-- DEBUG: const 0 ~> {0}
-- DEBUG: const 0 ~> {0}
-- DEBUG: const 0 ~> {0}
-- DEBUG: rand 1 3 ~> ⊤
-- DEBUG: is_bottom ⊤ ~> false
stat trace: tests/04_constant/0125_assign.c:5.2-16: [ x in ⊤, y in {0}, z in {0} ]
-- DEBUG: rand 2 5 ~> ⊤
-- DEBUG: is_bottom ⊤ ~> false
stat trace: tests/04_constant/0125_assign.c:6.2-16: [ x in ⊤, y in ⊤, z in {0} ]
-- DEBUG: const 2 ~> {2}
-- DEBUG: {2} * ⊤ ~> ⊤
-- DEBUG: ⊤ + ⊤ ~> ⊤
-- DEBUG: is_bottom ⊤ ~> false
stat trace: tests/04_constant/0125_assign.c:7.2-16: [ x in ⊤, y in ⊤, z in ⊤ ]
tests/04_constant/0125_assign.c:8.2-11: [ z in ⊤ ]
stat trace: tests/04_constant/0125_assign.c:8.2-11: [ x in ⊤, y in ⊤, z in ⊤ ]
stat trace: tests/04_constant/0125_assign.c:1.0-9.1: [ ]
analysis ended
