tests/04_constant/0125_assign.c:8.2-11: [ z in âŠ¤ ]
analysis ended
