tests/04_constant/0130_div.c:4.2-11: âŠ¥
analysis ended
