-- DEBUG: const 0 ~> {0}
-- DEBUG: const 0 ~> {0}
-- DEBUG: rand 0 1 ~> ⊤
-- DEBUG: const 0 ~> {0}
-- DEBUG: ⊤ == {0} ~> {0}, {0}
-- DEBUG: ⊤ ⊓ {0} ~> {0}
-- DEBUG: is_bottom {0} ~> false
-- DEBUG: {0} ⊓ {0} ~> {0}
-- DEBUG: is_bottom {0} ~> false
-- DEBUG: const 1 ~> {1}
-- DEBUG: is_bottom {1} ~> false
stat trace: tests/04_constant/0138_if_two.c:4.24-30: [ x in {1}, y in {0} ]
-- DEBUG: const 3 ~> {3}
-- DEBUG: is_bottom {3} ~> false
stat trace: tests/04_constant/0138_if_two.c:4.31-37: [ x in {1}, y in {3} ]
stat trace: tests/04_constant/0138_if_two.c:4.22-39: [ x in {1}, y in {3} ]
-- DEBUG: rand 0 1 ~> ⊤
-- DEBUG: const 0 ~> {0}
-- DEBUG: ⊤ != {0} ~> ⊤, {0}
-- DEBUG: ⊤ ⊓ ⊤ ~> ⊤
-- DEBUG: is_bottom ⊤ ~> false
-- DEBUG: {0} ⊓ {0} ~> {0}
-- DEBUG: is_bottom {0} ~> false
-- DEBUG: const 2 ~> {2}
-- DEBUG: is_bottom {2} ~> false
stat trace: tests/04_constant/0138_if_two.c:5.9-15: [ x in {2}, y in {0} ]
-- DEBUG: const 1 ~> {1}
-- DEBUG: is_bottom {1} ~> false
stat trace: tests/04_constant/0138_if_two.c:5.16-22: [ x in {2}, y in {1} ]
stat trace: tests/04_constant/0138_if_two.c:5.7-24: [ x in {2}, y in {1} ]
-- DEBUG: {1} ⊔ {2} ~> ⊤
-- DEBUG: {3} ⊔ {1} ~> ⊤
stat trace: tests/04_constant/0138_if_two.c:4.2-5.24: [ x in ⊤, y in ⊤ ]
tests/04_constant/0138_if_two.c:6.2-13: [ x in ⊤, y in ⊤ ]
stat trace: tests/04_constant/0138_if_two.c:6.2-13: [ x in ⊤, y in ⊤ ]
stat trace: tests/04_constant/0138_if_two.c:1.0-7.1: [ ]
analysis ended
