tests/04_constant/0157_cmp_complex.c:8.20-29: [ z in {7} ]
analysis ended
