-- DEBUG: const 0 ~> {0}
-- DEBUG: const 0 ~> {0}
-- DEBUG: const 0 ~> {0}
-- DEBUG: is_bottom {0} ~> false
stat trace: tests/04_constant/0206_loop_limit.c:4.2-8: [ N in {0}, x in {0} ]
-- DEBUG: rand 0 10 ~> ⊤
-- DEBUG: is_bottom ⊤ ~> false
stat trace: tests/04_constant/0206_loop_limit.c:5.2-17: [ N in ⊤, x in {0} ]
-- DEBUG: rand 0 1 ~> ⊤
-- DEBUG: const 0 ~> {0}
-- DEBUG: ⊤ == {0} ~> {0}, {0}
-- DEBUG: ⊤ ⊓ {0} ~> {0}
-- DEBUG: is_bottom {0} ~> false
-- DEBUG: {0} ⊓ {0} ~> {0}
-- DEBUG: is_bottom {0} ~> false
-- DEBUG: {0} < ⊤ ~> {0}, ⊤
-- DEBUG: {0} ⊓ {0} ~> {0}
-- DEBUG: is_bottom {0} ~> false
-- DEBUG: ⊤ ⊓ ⊤ ~> ⊤
-- DEBUG: is_bottom ⊤ ~> false
-- DEBUG: const 1 ~> {1}
-- DEBUG: {0} + {1} ~> {1}
-- DEBUG: is_bottom {1} ~> false
stat trace: tests/04_constant/0206_loop_limit.c:7.15-25: [ N in ⊤, x in {1} ]
-- DEBUG: {0} >= ⊤ ~> {0}, ⊤
-- DEBUG: {0} ⊓ {0} ~> {0}
-- DEBUG: is_bottom {0} ~> false
-- DEBUG: ⊤ ⊓ ⊤ ~> ⊤
-- DEBUG: is_bottom ⊤ ~> false
-- DEBUG: {1} ⊔ {0} ~> ⊤
stat trace: tests/04_constant/0206_loop_limit.c:7.4-25: [ N in ⊤, x in ⊤ ]
stat trace: tests/04_constant/0206_loop_limit.c:6.23-8.3: [ N in ⊤, x in ⊤ ]
-- DEBUG: {0} ⊔ ⊤ ~> ⊤
-- DEBUG: ⊤ ⊏ {0} ~> false
-- DEBUG: {0} ▿ ⊤ ~> ⊤
-- DEBUG: rand 0 1 ~> ⊤
-- DEBUG: const 0 ~> {0}
-- DEBUG: ⊤ == {0} ~> {0}, {0}
-- DEBUG: ⊤ ⊓ {0} ~> {0}
-- DEBUG: is_bottom {0} ~> false
-- DEBUG: {0} ⊓ {0} ~> {0}
-- DEBUG: is_bottom {0} ~> false
-- DEBUG: ⊤ < ⊤ ~> ⊤, ⊤
-- DEBUG: ⊤ ⊓ ⊤ ~> ⊤
-- DEBUG: is_bottom ⊤ ~> false
-- DEBUG: ⊤ ⊓ ⊤ ~> ⊤
-- DEBUG: is_bottom ⊤ ~> false
-- DEBUG: const 1 ~> {1}
-- DEBUG: ⊤ + {1} ~> ⊤
-- DEBUG: is_bottom ⊤ ~> false
stat trace: tests/04_constant/0206_loop_limit.c:7.15-25: [ N in ⊤, x in ⊤ ]
-- DEBUG: ⊤ >= ⊤ ~> ⊤, ⊤
-- DEBUG: ⊤ ⊓ ⊤ ~> ⊤
-- DEBUG: is_bottom ⊤ ~> false
-- DEBUG: ⊤ ⊓ ⊤ ~> ⊤
-- DEBUG: is_bottom ⊤ ~> false
stat trace: tests/04_constant/0206_loop_limit.c:7.4-25: [ N in ⊤, x in ⊤ ]
stat trace: tests/04_constant/0206_loop_limit.c:6.23-8.3: [ N in ⊤, x in ⊤ ]
-- DEBUG: {0} ⊔ ⊤ ~> ⊤
-- DEBUG: rand 0 1 ~> ⊤
-- DEBUG: const 0 ~> {0}
-- DEBUG: ⊤ != {0} ~> ⊤, {0}
-- DEBUG: ⊤ ⊓ ⊤ ~> ⊤
-- DEBUG: is_bottom ⊤ ~> false
-- DEBUG: {0} ⊓ {0} ~> {0}
-- DEBUG: is_bottom {0} ~> false
stat trace: tests/04_constant/0206_loop_limit.c:6.2-8.3: [ N in ⊤, x in ⊤ ]
tests/04_constant/0206_loop_limit.c:9.2-11: [ x in ⊤ ]
stat trace: tests/04_constant/0206_loop_limit.c:9.2-11: [ N in ⊤, x in ⊤ ]
stat trace: tests/04_constant/0206_loop_limit.c:1.0-10.1: [ ]
analysis ended
