tests/04_constant/0310_heap.c:23.4-29: ERROR: assertion failure
tests/04_constant/0310_heap.c:27.4-29: ERROR: assertion failure
tests/04_constant/0310_heap.c:28.4-29: ERROR: assertion failure
tests/04_constant/0310_heap.c:39.8-33: ERROR: assertion failure
tests/04_constant/0310_heap.c:40.8-41: ERROR: assertion failure
tests/04_constant/0310_heap.c:45.6-31: ERROR: assertion failure
tests/04_constant/0310_heap.c:48.8-33: ERROR: assertion failure
tests/04_constant/0310_heap.c:49.8-33: ERROR: assertion failure
tests/04_constant/0310_heap.c:56.4-29: ERROR: assertion failure
tests/04_constant/0310_heap.c:61.6-31: ERROR: assertion failure
tests/04_constant/0310_heap.c:65.6-31: ERROR: assertion failure
tests/04_constant/0310_heap.c:66.6-31: ERROR: assertion failure
tests/04_constant/0310_heap.c:71.4-29: ERROR: assertion failure
tests/04_constant/0310_heap.c:39.8-33: ERROR: assertion failure
tests/04_constant/0310_heap.c:40.8-41: ERROR: assertion failure
tests/04_constant/0310_heap.c:45.6-31: ERROR: assertion failure
tests/04_constant/0310_heap.c:48.8-33: ERROR: assertion failure
tests/04_constant/0310_heap.c:49.8-33: ERROR: assertion failure
tests/04_constant/0310_heap.c:56.4-29: ERROR: assertion failure
tests/04_constant/0310_heap.c:61.6-31: ERROR: assertion failure
tests/04_constant/0310_heap.c:65.6-31: ERROR: assertion failure
tests/04_constant/0310_heap.c:66.6-31: ERROR: assertion failure
tests/04_constant/0310_heap.c:71.4-29: ERROR: assertion failure
tests/04_constant/0310_heap.c:73.2-12: [ I in ⊤, J in ⊤, L in ⊤, N in ⊤, R in ⊤ ]
analysis ended
