tests/disjonction/test_add.c:8.2-12: [ x in [-14;0] U [10;25], y in [6;10] U [0;5] ]
analysis ended