tests/10_interval/0123_mul_rand.c:4.2-11: [ x in [-15;15] ]
analysis ended
