tests/10_interval/0127_div.c:4.2-11: [ x in [5;5] ]
analysis ended
