tests/10_interval/0129_div.c:4.2-11: [ x in [-2;2] ]
analysis ended
