tests/10_interval/0142_cmp_le.c:6.14-25: [ x in [10;13], y in [12;16] ]
analysis ended
