tests/10_interval/0143_cmp_le.c:6.14-25: [ x in [10;11], y in [10;11] ]
analysis ended
