tests/10_interval/0147_cmp_eq.c:6.14-25: [ x in [15;17], y in [15;17] ]
analysis ended
