stat trace: tests/01_concrete/0118_sub_rand.c:3.2-30: { [x=8;]; [x=9;]; [x=10;]; [x=11;]; [x=12;]; [x=13;]; [x=14;]; }
tests/01_concrete/0118_sub_rand.c:4.2-11: { [x=8;]; [x=9;]; [x=10;]; [x=11;]; [x=12;]; [x=13;]; [x=14;]; }
stat trace: tests/01_concrete/0118_sub_rand.c:4.2-11: { [x=8;]; [x=9;]; [x=10;]; [x=11;]; [x=12;]; [x=13;]; [x=14;]; }
stat trace: tests/01_concrete/0118_sub_rand.c:1.0-5.1: { []; }
analysis ended
