stat trace: tests/01_concrete/0120_mul.c:3.2-12: { [x=40;]; }
tests/01_concrete/0120_mul.c:4.2-11: { [x=40;]; }
stat trace: tests/01_concrete/0120_mul.c:4.2-11: { [x=40;]; }
stat trace: tests/01_concrete/0120_mul.c:1.0-5.1: { []; }
analysis ended
