stat trace: tests/01_concrete/0121_mul_rand.c:3.2-30: { [x=10;]; [x=11;]; [x=12;]; [x=20;]; [x=22;]; [x=24;]; }
tests/01_concrete/0121_mul_rand.c:4.2-11: { [x=10;]; [x=11;]; [x=12;]; [x=20;]; [x=22;]; [x=24;]; }
stat trace: tests/01_concrete/0121_mul_rand.c:4.2-11: { [x=10;]; [x=11;]; [x=12;]; [x=20;]; [x=22;]; [x=24;]; }
stat trace: tests/01_concrete/0121_mul_rand.c:1.0-5.1: { []; }
analysis ended
