tests/01_concrete/0123_mul_rand.c:4.2-11: { [x=-15;]; [x=-14;]; [x=-13;]; [x=-12;]; [x=-11;]; [x=-10;]; [x=0;]; [x=10;]; [x=11;]; [x=12;]; [x=13;]; [x=14;]; [x=15;]; }
analysis ended
