tests/01_concrete/0128_div.c:4.2-11: { [x=25;]; [x=26;]; [x=33;]; [x=34;]; [x=35;]; [x=50;]; [x=51;]; [x=52;]; }
analysis ended
