stat trace: tests/01_concrete/0133_if_false.c:3.2-8: { [x=0;]; }
stat trace: tests/01_concrete/0133_if_false.c:4.14-20: { }
stat trace: tests/01_concrete/0133_if_false.c:4.2-20: { [x=0;]; }
tests/01_concrete/0133_if_false.c:5.2-11: { [x=0;]; }
stat trace: tests/01_concrete/0133_if_false.c:5.2-11: { [x=0;]; }
stat trace: tests/01_concrete/0133_if_false.c:1.0-6.1: { []; }
analysis ended
