tests/01_concrete/0146_cmp_gt.c:6.13-24: { [x=13;y=12;]; [x=14;y=12;]; [x=14;y=13;]; }
analysis ended
